flutter : Package file_picker:linux references 
file_picker:linux as the default plugin, but it does not 
provide an inline implementation.
At line:1 char:1
+ flutter test integration_test/app_test.dart -d windows > 
test_output. ...
+ ~~~~~~~~~~~~~~~~~~~~~~~~~~~~~~~~~~~~~~~~~~~~~~~~~~~~~~~~~~~
~~~~~~~~~~
    + CategoryInfo          : NotSpecified: (Package file_pi 
   ...implementation.:String) [], RemoteException
    + FullyQualifiedErrorId : NativeCommandError
 
Ask the maintainers of file_picker to either avoid 
referencing a default implementation via `platforms: linux: 
default_package: file_picker` or add an inline 
implementation to file_picker via `platforms: linux:` 
`pluginClass` or `dartPluginClass`.

Package file_picker:macos references file_picker:macos as 
the default plugin, but it does not provide an inline 
implementation.
Ask the maintainers of file_picker to either avoid 
referencing a default implementation via `platforms: macos: 
default_package: file_picker` or add an inline 
implementation to file_picker via `platforms: macos:` 
`pluginClass` or `dartPluginClass`.

Package file_picker:windows references file_picker:windows 
as the default plugin, but it does not provide an inline 
implementation.
Ask the maintainers of file_picker to either avoid 
referencing a default implementation via `platforms: 
windows: default_package: file_picker` or add an inline 
implementation to file_picker via `platforms: windows:` 
`pluginClass` or `dartPluginClass`.

Package file_picker:linux references file_picker:linux as 
the default plugin, but it does not provide an inline 
implementation.
Ask the maintainers of file_picker to either avoid 
referencing a default implementation via `platforms: linux: 
default_package: file_picker` or add an inline 
implementation to file_picker via `platforms: linux:` 
`pluginClass` or `dartPluginClass`.


Package file_picker:macos references file_picker:macos as 
the default plugin, but it does not provide an inline 
implementation.
Ask the maintainers of file_picker to either avoid 
referencing a default implementation via `platforms: macos: 
default_package: file_picker` or add an inline 
implementation to file_picker via `platforms: macos:` 
`pluginClass` or `dartPluginClass`.

Package file_picker:windows references file_picker:windows 
as the default plugin, but it does not provide an inline 
implementation.
Ask the maintainers of file_picker to either avoid 
referencing a default implementation via `platforms: 
windows: default_package: file_picker` or add an inline 
implementation to file_picker via `platforms: windows:` 
`pluginClass` or `dartPluginClass`.

Package file_picker:linux references file_picker:linux as 
the default plugin, but it does not provide an inline 
implementation.
Ask the maintainers of file_picker to either avoid 
referencing a default implementation via `platforms: linux: 
default_package: file_picker` or add an inline 
implementation to file_picker via `platforms: linux:` 
`pluginClass` or `dartPluginClass`.

Package file_picker:macos references file_picker:macos as 
the default plugin, but it does not provide an inline 
implementation.
Ask the maintainers of file_picker to either avoid 
referencing a default implementation via `platforms: macos: 
default_package: file_picker` or add an inline 
implementation to file_picker via `platforms: macos:` 
`pluginClass` or `dartPluginClass`.

Package file_picker:windows references file_picker:windows 
as the default plugin, but it does not provide an inline 
implementation.
Ask the maintainers of file_picker to either avoid 
referencing a default implementation via `platforms: 
windows: default_package: file_picker` or add an inline 
implementation to file_picker via `platforms: windows:` 
`pluginClass` or `dartPluginClass`.

00:00 +0: loading M:/password_manager_app/password_manager_app/integration_test/app_test.dart
Building Windows application...                                 
integration_test/app_test.dart(62,3): error G5FE39F1E: Type 
'StreamSubscription' not found. [M:\password_manager_app\pass
word_manager_app\build\windows\x64\flutter\flutter_assemble.v
cxproj]
C:\Program Files\Microsoft Visual Studio\2022\Community\MSBui
ld\Microsoft\VC\v170\Microsoft.CppCommon.targets(254,5): 
error MSB8066: Custom build for 'M:\password_manager_app\pass
word_manager_app\build\windows\x64\CMakeFiles\2f06b5c86589941
bc59892d7a3d95a56\flutter_windows.dll.rule;M:\password_manage
r_app\password_manager_app\build\windows\x64\CMakeFiles\ac17f
c349f8db22f789761b7c48c1f8c\flutter_assemble.rule' exited 
with code 1. [M:\password_manager_app\password_manager_app\bu
ild\windows\x64\flutter\flutter_assemble.vcxproj]
Building Windows application...                                    13.6s
00:00 +0 -1: loading M:/password_manager_app/password_manager_app/integration_test/app_test.dart [E]
  Failed to load "M:/password_manager_app/password_manager_app/integration_test/app_test.dart": Build process failed.
  package:flutter_tools/src/base/common.dart 34:3                    throwToolExit
  package:flutter_tools/src/windows/build_windows.dart 258:5         _runBuild
  ===== asynchronous gap ===========================
  package:flutter_tools/src/windows/build_windows.dart 114:5         buildWindows
  ===== asynchronous gap ===========================
  package:flutter_tools/src/windows/windows_device.dart 65:5         WindowsDevice.buildForDevice
  ===== asynchronous gap ===========================
  package:flutter_tools/src/desktop_device.dart 108:7                DesktopDevice.startApp
  ===== asynchronous gap ===========================
  package:flutter_tools/src/test/integration_test_device.dart 57:39  IntegrationTestTestDevice.start
  ===== asynchronous gap ===========================
  package:flutter_tools/src/test/flutter_platform.dart 686:51        FlutterPlatform._startTest.<fn>
  ===== asynchronous gap ===========================
  package:flutter_tools/src/base/async_guard.dart 109:26             asyncGuard.<fn>
  
00:00 +0 -1: Some tests failed.

